npm warn ERESOLVE overriding peer dependency
npm warn ERESOLVE overriding peer dependency
npm warn While resolving: @react-native/virtualized-lists@0.81.1
npm warn Found: @types/react@19.0.14
npm warn node_modules/@types/react
npm warn   peerOptional @types/react@"*" from @radix-ui/react-collection@1.1.7
npm warn   node_modules/@radix-ui/react-collection
npm warn     @radix-ui/react-collection@"1.1.7" from @radix-ui/react-roving-focus@1.1.11
npm warn     node_modules/@radix-ui/react-roving-focus
npm warn   28 more (@radix-ui/react-slot, @radix-ui/react-compose-refs, ...)
npm warn
npm warn Could not resolve dependency:
npm warn peerOptional @types/react@"^19.1.0" from @react-native/virtualized-lists@0.81.1
npm warn node_modules/@react-native/virtualized-lists
npm warn   @react-native/virtualized-lists@"0.81.1" from react-native@0.81.1
npm warn   node_modules/react-native
npm warn
npm warn Conflicting peer dependency: @types/react@19.2.14
npm warn node_modules/@types/react
npm warn   peerOptional @types/react@"^19.1.0" from @react-native/virtualized-lists@0.81.1
npm warn   node_modules/@react-native/virtualized-lists
npm warn     @react-native/virtualized-lists@"0.81.1" from react-native@0.81.1
npm warn     node_modules/react-native
npm error code ERESOLVE
npm error ERESOLVE could not resolve
npm error
npm error While resolving: react-native@0.81.1
npm error Found: @types/react@19.0.14
npm error node_modules/@types/react
npm error   peerOptional @types/react@"*" from @radix-ui/react-collection@1.1.7
npm error   node_modules/@radix-ui/react-collection
npm error     @radix-ui/react-collection@"1.1.7" from @radix-ui/react-roving-focus@1.1.11
npm error     node_modules/@radix-ui/react-roving-focus
npm error       @radix-ui/react-roving-focus@"1.1.11" from @radix-ui/react-tabs@1.1.13
npm error       node_modules/@radix-ui/react-tabs
npm error         @radix-ui/react-tabs@"^1.1.12" from expo-router@6.0.21
npm error         node_modules/expo-router
npm error   peerOptional @types/react@"*" from @radix-ui/react-slot@1.2.3
npm error   node_modules/@radix-ui/react-collection/node_modules/@radix-ui/react-slot
npm error     @radix-ui/react-slot@"1.2.3" from @radix-ui/react-collection@1.1.7
npm error     node_modules/@radix-ui/react-collection
npm error       @radix-ui/react-collection@"1.1.7" from @radix-ui/react-roving-focus@1.1.11
npm error       node_modules/@radix-ui/react-roving-focus
npm error         @radix-ui/react-roving-focus@"1.1.11" from @radix-ui/react-tabs@1.1.13
npm error         node_modules/@radix-ui/react-tabs
npm error   27 more (@radix-ui/react-compose-refs, ...)
npm error
npm error Could not resolve dependency:
npm error peerOptional @types/react@"^19.1.0" from react-native@0.81.1
npm error node_modules/react-native
npm error   peerOptional react-native@"*" from @expo/cli@54.0.21
npm error   node_modules/@expo/cli
npm error     @expo/cli@"54.0.21" from expo@54.0.31
npm error   peerOptional react-native@"*" from @expo/devtools@0.1.8
npm error   node_modules/@expo/devtools
npm error     @expo/devtools@"0.1.8" from expo@54.0.31
npm error     node_modules/expo
npm error       peer expo@"*" from @expo/cli@54.0.21
npm error       node_modules/@expo/cli
npm error       19 more (@expo/metro-config, @expo/metro-runtime, ...)
npm error   36 more (@expo/metro-runtime, @expo/vector-icons, ...)
npm error
npm error Conflicting peer dependency: @types/react@19.2.14
npm error node_modules/@types/react
npm error   peerOptional @types/react@"^19.1.0" from react-native@0.81.1
npm error   node_modules/react-native
npm error     peerOptional react-native@"*" from @expo/cli@54.0.21
npm error     node_modules/@expo/cli
npm error       @expo/cli@"54.0.21" from expo@54.0.31
npm error     peerOptional react-native@"*" from @expo/devtools@0.1.8
npm error     node_modules/@expo/devtools
npm error       @expo/devtools@"0.1.8" from expo@54.0.31
npm error       node_modules/expo
npm error         peer expo@"*" from @expo/cli@54.0.21
npm error         node_modules/@expo/cli
npm error         19 more (@expo/metro-config, @expo/metro-runtime, ...)
npm error     36 more (@expo/metro-runtime, @expo/vector-icons, ...)
npm error
npm error Fix the upstream dependency conflict, or retry
npm error this command with --force or --legacy-peer-deps
npm error to accept an incorrect (and potentially broken) dependency resolution.
npm error
npm error
npm error For a full report see:
npm error /Users/vitinho/.npm/_logs/2026-03-02T14_21_22_925Z-eresolve-report.txt
npm error A complete log of this run can be found in: /Users/vitinho/.npm/_logs/2026-03-02T14_21_22_925Z-debug-0.log
